[0.012s] Invoking command in '/workspace/fgo_ws/src/gnssFGO/build/irt_gnss_preprocessing_original': CMAKE_PREFIX_PATH=${CMAKE_PREFIX_PATH}:/workspace/mapviz_ws/install/swri_cli_tools:/opt/ros/humble /usr/bin/cmake /workspace/fgo_ws/src/gnssFGO/irt_gnss_preprocessing_original -DCMAKE_BUILD_TYPE=Release -DCMAKE_INSTALL_PREFIX=/workspace/fgo_ws/src/gnssFGO/install/irt_gnss_preprocessing_original
[0.101s] -- The C compiler identification is GNU 11.4.0
[0.155s] -- The CXX compiler identification is GNU 11.4.0
[0.163s] -- Detecting C compiler ABI info
[0.227s] -- Detecting C compiler ABI info - done
[0.231s] -- Check for working C compiler: /usr/bin/cc - skipped
[0.231s] -- Detecting C compile features
[0.232s] -- Detecting C compile features - done
[0.235s] -- Detecting CXX compiler ABI info
[0.311s] -- Detecting CXX compiler ABI info - done
[0.315s] -- Check for working CXX compiler: /usr/bin/c++ - skipped
[0.315s] -- Detecting CXX compile features
[0.316s] -- Detecting CXX compile features - done
[0.320s] -- Found ament_cmake: 1.3.12 (/opt/ros/humble/share/ament_cmake/cmake)
[0.464s] -- Found Python3: /usr/bin/python3 (found version "3.10.12") found components: Interpreter 
[0.574s] -- Found rclcpp: 16.0.15 (/opt/ros/humble/share/rclcpp/cmake)
[0.627s] -- Found rosidl_generator_c: 3.1.7 (/opt/ros/humble/share/rosidl_generator_c/cmake)
[0.635s] -- Found rosidl_adapter: 3.1.7 (/opt/ros/humble/share/rosidl_adapter/cmake)
[0.646s] -- Found rosidl_generator_cpp: 3.1.7 (/opt/ros/humble/share/rosidl_generator_cpp/cmake)
[0.662s] -- Using all available rosidl_typesupport_c: rosidl_typesupport_fastrtps_c;rosidl_typesupport_introspection_c
[0.680s] -- Using all available rosidl_typesupport_cpp: rosidl_typesupport_fastrtps_cpp;rosidl_typesupport_introspection_cpp
[0.736s] -- Found rmw_implementation_cmake: 6.1.2 (/opt/ros/humble/share/rmw_implementation_cmake/cmake)
[0.740s] -- Found rmw_fastrtps_cpp: 6.2.9 (/opt/ros/humble/share/rmw_fastrtps_cpp/cmake)
[0.901s] -- Found OpenSSL: /usr/lib/x86_64-linux-gnu/libcrypto.so (found version "3.0.2")  
[0.926s] -- Found FastRTPS: /opt/ros/humble/include  
[0.967s] -- Using RMW implementation 'rmw_fastrtps_cpp' as default
[0.991s] -- Looking for pthread.h
[1.065s] -- Looking for pthread.h - found
[1.065s] -- Performing Test CMAKE_HAVE_LIBC_PTHREAD
[1.132s] -- Performing Test CMAKE_HAVE_LIBC_PTHREAD - Success
[1.132s] -- Found Threads: TRUE  
[1.179s] -- Found rclcpp_components: 16.0.15 (/opt/ros/humble/share/rclcpp_components/cmake)
[1.213s] -- Found pluginlib: 5.1.2 (/opt/ros/humble/share/pluginlib/cmake)
[1.231s] -- Found irt_nav_msgs: 0.0.0 (/workspace/fgo_ws/install/irt_nav_msgs/share/irt_nav_msgs/cmake)
[1.282s] -- Found eigen3_cmake_module: 0.1.1 (/opt/ros/humble/share/eigen3_cmake_module/cmake)
[1.283s] -- Found Eigen3: TRUE (found version "3.4.0") 
[1.283s] -- Ensuring Eigen3 include directory is part of orocos-kdl CMake target
[1.367s] -- Found novatel_oem7_msgs: 10.0.0 (/workspace/fgo_ws/install/novatel_oem7_msgs/share/novatel_oem7_msgs/cmake)
[1.378s] -- Found sensor_msgs: 4.9.0 (/opt/ros/humble/share/sensor_msgs/cmake)
[1.390s] -- Found irt_nav_common: 0.1.0 (/workspace/fgo_ws/install/irt_nav_common/share/irt_nav_common/cmake)
[1.391s] -- Found ublox_msgs: 2.0.0 (/workspace/fgo_ws/install/ublox_msgs/share/ublox_msgs/cmake)
[1.466s] -- Found Boost: /usr/lib/x86_64-linux-gnu/cmake/Boost-1.74.0/BoostConfig.cmake (found suitable version "1.74.0", minimum required is "1.65") found components: serialization system filesystem thread program_options date_time timer chrono regex 
[1.468s] -- GTSAM include directory:  /usr/local/lib/cmake/GTSAM/../../../include
[1.478s] -- GTSAM include directory:  /usr/local/lib/cmake/GTSAM/../../../include
[1.479s] -- test: subdirs(/workspace/fgo_ws/src/gnssFGO/irt_gnss_preprocessing_original/third_party/gnss_tools)
[1.480s] -- Building Module: DDRTCM_ert_rtw
[1.481s] -- Building Module: GNSSPreProcessingDualAntenna_ert_rtw
[1.481s] -- Building Module: GNSSPreProcessingSingleAntenna_ert_rtw
[1.481s] -- Building Module: novatel
[1.492s] CMake Error at /opt/ros/humble/share/rclcpp_components/cmake/rclcpp_components_register_nodes.cmake:29 (message):
[1.492s]   rclcpp_components_register_nodes() first argument 'irt_gnss_preprocessing'
[1.492s]   is not a target
[1.492s] Call Stack (most recent call first):
[1.492s]   CMakeLists.txt:94 (rclcpp_components_register_nodes)
[1.492s] 
[1.492s] 
[1.492s] -- Configuring incomplete, errors occurred!
[1.492s] See also "/workspace/fgo_ws/src/gnssFGO/build/irt_gnss_preprocessing_original/CMakeFiles/CMakeOutput.log".
[1.499s] Invoked command in '/workspace/fgo_ws/src/gnssFGO/build/irt_gnss_preprocessing_original' returned '1': CMAKE_PREFIX_PATH=${CMAKE_PREFIX_PATH}:/workspace/mapviz_ws/install/swri_cli_tools:/opt/ros/humble /usr/bin/cmake /workspace/fgo_ws/src/gnssFGO/irt_gnss_preprocessing_original -DCMAKE_BUILD_TYPE=Release -DCMAKE_INSTALL_PREFIX=/workspace/fgo_ws/src/gnssFGO/install/irt_gnss_preprocessing_original
