-- Found ament_cmake: 1.3.12 (/opt/ros/humble/share/ament_cmake/cmake)
-- Found rclcpp: 16.0.15 (/opt/ros/humble/share/rclcpp/cmake)
-- Found rosidl_generator_c: 3.1.7 (/opt/ros/humble/share/rosidl_generator_c/cmake)
-- Found rosidl_adapter: 3.1.7 (/opt/ros/humble/share/rosidl_adapter/cmake)
-- Found rosidl_generator_cpp: 3.1.7 (/opt/ros/humble/share/rosidl_generator_cpp/cmake)
-- Using all available rosidl_typesupport_c: rosidl_typesupport_fastrtps_c;rosidl_typesupport_introspection_c
-- Using all available rosidl_typesupport_cpp: rosidl_typesupport_fastrtps_cpp;rosidl_typesupport_introspection_cpp
-- Found rmw_implementation_cmake: 6.1.2 (/opt/ros/humble/share/rmw_implementation_cmake/cmake)
-- Found rmw_fastrtps_cpp: 6.2.9 (/opt/ros/humble/share/rmw_fastrtps_cpp/cmake)
-- Using RMW implementation 'rmw_fastrtps_cpp' as default
-- Found rclcpp_components: 16.0.15 (/opt/ros/humble/share/rclcpp_components/cmake)
-- Found pluginlib: 5.1.2 (/opt/ros/humble/share/pluginlib/cmake)
-- Found irt_nav_msgs: 0.0.0 (/workspace/fgo_ws/install/irt_nav_msgs/share/irt_nav_msgs/cmake)
-- Found eigen3_cmake_module: 0.1.1 (/opt/ros/humble/share/eigen3_cmake_module/cmake)
-- Ensuring Eigen3 include directory is part of orocos-kdl CMake target
-- Found novatel_oem7_msgs: 10.0.0 (/workspace/fgo_ws/install/novatel_oem7_msgs/share/novatel_oem7_msgs/cmake)
-- Found sensor_msgs: 4.9.0 (/opt/ros/humble/share/sensor_msgs/cmake)
-- Found irt_nav_common: 0.1.0 (/workspace/fgo_ws/install/irt_nav_common/share/irt_nav_common/cmake)
-- Found ublox_msgs: 2.0.0 (/workspace/fgo_ws/install/ublox_msgs/share/ublox_msgs/cmake)
-- GTSAM include directory:  /usr/local/lib/cmake/GTSAM/../../../include
-- GTSAM include directory:  /usr/local/lib/cmake/GTSAM/../../../include
-- test: subdirs(/workspace/fgo_ws/src/gnssFGO/irt_gnss_preprocessing_original/third_party/gnss_tools)
-- Building Module: DDRTCM_ert_rtw
-- Building Module: GNSSPreProcessingDualAntenna_ert_rtw
-- Building Module: GNSSPreProcessingSingleAntenna_ert_rtw
-- Building Module: novatel
-- Found ament_lint_auto: 0.12.14 (/opt/ros/humble/share/ament_lint_auto/cmake)
-- Added test 'copyright' to check source files copyright and LICENSE
-- Added test 'cppcheck' to perform static code analysis on C / C++ code
-- Configured cppcheck include dirs: /workspace/fgo_ws/src/gnssFGO/irt_gnss_preprocessing_original/include;/workspace/fgo_ws/src/gnssFGO/irt_gnss_preprocessing_original/include/irt_gnss_preprocessing_original;/workspace/fgo_ws/src/gnssFGO/irt_gnss_preprocessing_original/third_party;$<BUILD_INTERFACE:/workspace/fgo_ws/src/gnssFGO/irt_gnss_preprocessing_original/include>
-- Configured cppcheck exclude dirs and/or files: 
-- Added test 'cpplint' to check C / C++ code against the Google style
-- Configured cpplint exclude dirs and/or files: 
-- Added test 'flake8' to check Python code syntax and style conventions
-- Added test 'lint_cmake' to check CMake code style
-- Added test 'pep257' to check Python code against some of the docstring style conventions in PEP 257
-- Added test 'uncrustify' to check C / C++ code style
-- Configured uncrustify additional arguments: 
-- Added test 'xmllint' to check XML markup files
-- Configuring done
-- Generating done
-- Build files have been written to: /workspace/fgo_ws/src/gnssFGO/build/irt_gnss_preprocessing_original
[  1%] Building CXX object third_party/gnss_tools/CMakeFiles/_novatel.dir/novatel/ConvertOEM7ToGalInavBus_ert_rtw/ConvertOEM7ToGalInavBus.cpp.o
[  1%] Building CXX object third_party/gnss_tools/CMakeFiles/_novatel.dir/novatel/ConvertOEM7RangeToMeasEpochRAW_ert_rtw/ConvertOEM7RangeToMeasEpochRAW.cpp.o
[  2%] Building CXX object third_party/gnss_tools/CMakeFiles/_novatel.dir/novatel/getSatInfoNovAtel_ert_rtw/getSatInfoNovAtel.cpp.o
[  3%] Building CXX object third_party/gnss_tools/CMakeFiles/_novatel.dir/novatel/ConvertOEM7ToPvtGeodetic_ert_rtw/ConvertOEM7ToPvtGeodetic.cpp.o
[  5%] Building CXX object third_party/gnss_tools/CMakeFiles/_novatel.dir/novatel/ConvertOEM7ToGalGstGpsBus_ert_rtw/ConvertOEM7ToGalGstGpsBus.cpp.o
[  5%] Building CXX object third_party/gnss_tools/CMakeFiles/_novatel.dir/novatel/ConvertOEM7ToGalFnavBus_ert_rtw/ConvertOEM7ToGalFnavBus.cpp.o
[  7%] Building CXX object third_party/gnss_tools/CMakeFiles/_novatel.dir/novatel/ConvertOEM7ToGpsNavBus_ert_rtw/ConvertOEM7ToGpsNavBus.cpp.o
[  7%] Building CXX object third_party/gnss_tools/CMakeFiles/_novatel.dir/novatel/ConvertOEM7ToGpsIonBus_ert_rtw/ConvertOEM7ToGpsIonBus.cpp.o
[  8%] Building CXX object third_party/gnss_tools/CMakeFiles/_GNSSPreProcessingDualAntenna_ert_rtw.dir/GNSSPreProcessingDualAntenna_ert_rtw/ApplyDifferentialCorrectionMask.cpp.o
[  8%] Building CXX object third_party/gnss_tools/CMakeFiles/_DDRTCM_ert_rtw.dir/DDRTCM_ert_rtw/ApplyDifferentialCorrectionMa_j.cpp.o
[  9%] Building CXX object third_party/gnss_tools/CMakeFiles/_novatel.dir/novatel/ConvertOEM7ToGalIonBus_ert_rtw/ConvertOEM7ToGalIonBus.cpp.o
[ 10%] Building CXX object third_party/gnss_tools/CMakeFiles/_GNSSPreProcessingDualAntenna_ert_rtw.dir/GNSSPreProcessingDualAntenna_ert_rtw/ApplyDifferentialCorrectionMa_b.cpp.o
[ 12%] Building CXX object third_party/gnss_tools/CMakeFiles/_DDRTCM_ert_rtw.dir/DDRTCM_ert_rtw/CalculateDifferentialCorrecti_f.cpp.o
[ 12%] Building CXX object third_party/gnss_tools/CMakeFiles/_GNSSPreProcessingSingleAntenna_ert_rtw.dir/GNSSPreProcessingSingleAntenna_ert_rtw/ApplyDifferentialCorrectionMa_b.cpp.o
[ 13%] Building CXX object third_party/gnss_tools/CMakeFiles/_GNSSPreProcessingSingleAntenna_ert_rtw.dir/GNSSPreProcessingSingleAntenna_ert_rtw/ApplyDifferentialCorrectionMask.cpp.o
[ 14%] Building CXX object third_party/gnss_tools/CMakeFiles/_DDRTCM_ert_rtw.dir/DDRTCM_ert_rtw/ApplyDifferentialCorrectionMask.cpp.o
[ 15%] Building CXX object third_party/gnss_tools/CMakeFiles/_GNSSPreProcessingDualAntenna_ert_rtw.dir/GNSSPreProcessingDualAntenna_ert_rtw/CalculateDifferentialCorrecti_j.cpp.o
[ 16%] Building CXX object third_party/gnss_tools/CMakeFiles/_GNSSPreProcessingSingleAntenna_ert_rtw.dir/GNSSPreProcessingSingleAntenna_ert_rtw/CalculateDifferentialCorrecti_l.cpp.o
[ 17%] Building CXX object third_party/gnss_tools/CMakeFiles/_GNSSPreProcessingSingleAntenna_ert_rtw.dir/GNSSPreProcessingSingleAntenna_ert_rtw/CalculateDifferentialCorrection.cpp.o
[ 18%] Building CXX object third_party/gnss_tools/CMakeFiles/_DDRTCM_ert_rtw.dir/DDRTCM_ert_rtw/CalculateDifferentialCorrection.cpp.o
[ 19%] Building CXX object third_party/gnss_tools/CMakeFiles/_GNSSPreProcessingSingleAntenna_ert_rtw.dir/GNSSPreProcessingSingleAntenna_ert_rtw/CalculateDualfrequencyCorrectio.cpp.o
[ 20%] Building CXX object third_party/gnss_tools/CMakeFiles/_GNSSPreProcessingDualAntenna_ert_rtw.dir/GNSSPreProcessingDualAntenna_ert_rtw/CalculateDifferentialCorrection.cpp.o
[ 21%] Building CXX object third_party/gnss_tools/CMakeFiles/_GNSSPreProcessingSingleAntenna_ert_rtw.dir/GNSSPreProcessingSingleAntenna_ert_rtw/CalculateKlobucharModelCorrecti.cpp.o
[ 22%] Building CXX object third_party/gnss_tools/CMakeFiles/_DDRTCM_ert_rtw.dir/DDRTCM_ert_rtw/CalculateDualfrequencyCorrectio.cpp.o
[ 23%] Building CXX object third_party/gnss_tools/CMakeFiles/_GNSSPreProcessingSingleAntenna_ert_rtw.dir/GNSSPreProcessingSingleAntenna_ert_rtw/CalculateSatelliteClockCorrecti.cpp.o
[ 24%] Building CXX object third_party/gnss_tools/CMakeFiles/_GNSSPreProcessingDualAntenna_ert_rtw.dir/GNSSPreProcessingDualAntenna_ert_rtw/CalculateDualfrequencyCorrectio.cpp.o
[ 25%] Building CXX object third_party/gnss_tools/CMakeFiles/_GNSSPreProcessingDualAntenna_ert_rtw.dir/GNSSPreProcessingDualAntenna_ert_rtw/CalculateKlobucharModelCorrecti.cpp.o
[ 26%] Building CXX object third_party/gnss_tools/CMakeFiles/_GNSSPreProcessingSingleAntenna_ert_rtw.dir/GNSSPreProcessingSingleAntenna_ert_rtw/CalculateSatellitePositionandVe.cpp.o
[ 27%] Building CXX object third_party/gnss_tools/CMakeFiles/_DDRTCM_ert_rtw.dir/DDRTCM_ert_rtw/CalculateKlobucharModelCorrecti.cpp.o
[ 27%] Building CXX object third_party/gnss_tools/CMakeFiles/_GNSSPreProcessingDualAntenna_ert_rtw.dir/GNSSPreProcessingDualAntenna_ert_rtw/CalculateSatelliteClockCorrecti.cpp.o
[ 28%] Building CXX object third_party/gnss_tools/CMakeFiles/_GNSSPreProcessingSingleAntenna_ert_rtw.dir/GNSSPreProcessingSingleAntenna_ert_rtw/CalculateTroposphericCorrecti_h.cpp.o
[ 29%] Linking CXX shared library lib_novatel.so
[ 30%] Building CXX object third_party/gnss_tools/CMakeFiles/_DDRTCM_ert_rtw.dir/DDRTCM_ert_rtw/CalculateSatellitePositionandVe.cpp.o
[ 31%] Building CXX object third_party/gnss_tools/CMakeFiles/_DDRTCM_ert_rtw.dir/DDRTCM_ert_rtw/CalculateSatelliteClockCorrecti.cpp.o
[ 32%] Building CXX object third_party/gnss_tools/CMakeFiles/_GNSSPreProcessingSingleAntenna_ert_rtw.dir/GNSSPreProcessingSingleAntenna_ert_rtw/CalculateTroposphericCorrection.cpp.o
[ 32%] Built target _novatel
[ 33%] Building CXX object third_party/gnss_tools/CMakeFiles/_DDRTCM_ert_rtw.dir/DDRTCM_ert_rtw/CalculateTroposphericCorrecti_l.cpp.o
[ 34%] Building CXX object third_party/gnss_tools/CMakeFiles/_DDRTCM_ert_rtw.dir/DDRTCM_ert_rtw/CalculateTroposphericCorrection.cpp.o
[ 35%] Building CXX object third_party/gnss_tools/CMakeFiles/_GNSSPreProcessingDualAntenna_ert_rtw.dir/GNSSPreProcessingDualAntenna_ert_rtw/CalculateSatellitePositionandVe.cpp.o
[ 36%] Building CXX object third_party/gnss_tools/CMakeFiles/_DDRTCM_ert_rtw.dir/DDRTCM_ert_rtw/DDRTCM.cpp.o
[ 37%] Building CXX object third_party/gnss_tools/CMakeFiles/_GNSSPreProcessingDualAntenna_ert_rtw.dir/GNSSPreProcessingDualAntenna_ert_rtw/CalculateTroposphericCorrecti_h.cpp.o
[ 38%] Building CXX object third_party/gnss_tools/CMakeFiles/_GNSSPreProcessingSingleAntenna_ert_rtw.dir/GNSSPreProcessingSingleAntenna_ert_rtw/GNSSP_TimeCorrectionPseudorange.cpp.o
[ 39%] Building CXX object third_party/gnss_tools/CMakeFiles/_GNSSPreProcessingDualAntenna_ert_rtw.dir/GNSSPreProcessingDualAntenna_ert_rtw/CalculateTroposphericCorrection.cpp.o
[ 40%] Building CXX object third_party/gnss_tools/CMakeFiles/_GNSSPreProcessingDualAntenna_ert_rtw.dir/GNSSPreProcessingDualAntenna_ert_rtw/GNSSP_TimeCorrectionPseudorange.cpp.o
[ 41%] Building CXX object third_party/gnss_tools/CMakeFiles/_GNSSPreProcessingSingleAntenna_ert_rtw.dir/GNSSPreProcessingSingleAntenna_ert_rtw/GNSSPr_TimeCorrectionDeltarange.cpp.o
[ 42%] Building CXX object third_party/gnss_tools/CMakeFiles/_GNSSPreProcessingDualAntenna_ert_rtw.dir/GNSSPreProcessingDualAntenna_ert_rtw/GNSSPr_TimeCorrectionDeltarange.cpp.o
[ 43%] Building CXX object third_party/gnss_tools/CMakeFiles/_GNSSPreProcessingDualAntenna_ert_rtw.dir/GNSSPreProcessingDualAntenna_ert_rtw/GNSSPreProce_CalculateDayofYear.cpp.o
[ 44%] Building CXX object third_party/gnss_tools/CMakeFiles/_GNSSPreProcessingDualAntenna_ert_rtw.dir/GNSSPreProcessingDualAntenna_ert_rtw/GNSSPreProcessingDualAntenna.cpp.o
[ 45%] Building CXX object third_party/gnss_tools/CMakeFiles/_GNSSPreProcessingDualAntenna_ert_rtw.dir/GNSSPreProcessingDualAntenna_ert_rtw/GNSSPreProcessingDualAntenna_data.cpp.o
[ 46%] Building CXX object third_party/gnss_tools/CMakeFiles/_GNSSPreProcessingDualAntenna_ert_rtw.dir/GNSSPreProcessingDualAntenna_ert_rtw/GNSS_TimeCorrectionCarrierphase.cpp.o
[ 46%] Building CXX object third_party/gnss_tools/CMakeFiles/_GNSSPreProcessingSingleAntenna_ert_rtw.dir/GNSSPreProcessingSingleAntenna_ert_rtw/GNSSPreProce_CalculateDayofYear.cpp.o
[ 47%] Building CXX object third_party/gnss_tools/CMakeFiles/_DDRTCM_ert_rtw.dir/DDRTCM_ert_rtw/DDRTCM_CalculateDayofYear.cpp.o
[ 48%] Building CXX object third_party/gnss_tools/CMakeFiles/_GNSSPreProcessingDualAntenna_ert_rtw.dir/GNSSPreProcessingDualAntenna_ert_rtw/GNS_NavigationDataConversionGAL.cpp.o
[ 49%] Building CXX object third_party/gnss_tools/CMakeFiles/_GNSSPreProcessingSingleAntenna_ert_rtw.dir/GNSSPreProcessingSingleAntenna_ert_rtw/GNSSPreProcessingSingleAntenna.cpp.o
[ 50%] Building CXX object third_party/gnss_tools/CMakeFiles/_DDRTCM_ert_rtw.dir/DDRTCM_ert_rtw/DDRTCM_TimeCorrectionDeltarange.cpp.o
[ 51%] Building CXX object third_party/gnss_tools/CMakeFiles/_GNSSPreProcessingDualAntenna_ert_rtw.dir/GNSSPreProcessingDualAntenna_ert_rtw/GNS_NavigationDataConversionGPS.cpp.o
[ 52%] Building CXX object third_party/gnss_tools/CMakeFiles/_GNSSPreProcessingSingleAntenna_ert_rtw.dir/GNSSPreProcessingSingleAntenna_ert_rtw/GNSSPreProcessingSingleAntenna_capi.cpp.o
[ 53%] Building CXX object third_party/gnss_tools/CMakeFiles/_GNSSPreProcessingSingleAntenna_ert_rtw.dir/GNSSPreProcessingSingleAntenna_ert_rtw/GNSSPreProcessingSingleAntenna_data.cpp.o
[ 54%] Building CXX object third_party/gnss_tools/CMakeFiles/_DDRTCM_ert_rtw.dir/DDRTCM_ert_rtw/DDRTCM_data.cpp.o
[ 55%] Building CXX object third_party/gnss_tools/CMakeFiles/_GNSSPreProcessingDualAntenna_ert_rtw.dir/GNSSPreProcessingDualAntenna_ert_rtw/GN_CreateSatelliteElevationMask.cpp.o
[ 56%] Building CXX object third_party/gnss_tools/CMakeFiles/_GNSSPreProcessingDualAntenna_ert_rtw.dir/GNSSPreProcessingDualAntenna_ert_rtw/GN_GNSSMeasurementEpochSplitter.cpp.o
[ 57%] Building CXX object third_party/gnss_tools/CMakeFiles/_DDRTCM_ert_rtw.dir/DDRTCM_ert_rtw/DDRTC_TimeCorrectionPseudorange.cpp.o
[ 58%] Building CXX object third_party/gnss_tools/CMakeFiles/_GNSSPreProcessingSingleAntenna_ert_rtw.dir/GNSSPreProcessingSingleAntenna_ert_rtw/GNSS_TimeCorrectionCarrierphase.cpp.o
[ 59%] Building CXX object third_party/gnss_tools/CMakeFiles/_GNSSPreProcessingDualAntenna_ert_rtw.dir/GNSSPreProcessingDualAntenna_ert_rtw/GPSFrequencyStream.cpp.o
[ 60%] Building CXX object third_party/gnss_tools/CMakeFiles/_GNSSPreProcessingSingleAntenna_ert_rtw.dir/GNSSPreProcessingSingleAntenna_ert_rtw/GNS_NavigationDataConversionGAL.cpp.o
[ 61%] Building CXX object third_party/gnss_tools/CMakeFiles/_GNSSPreProcessingDualAntenna_ert_rtw.dir/GNSSPreProcessingDualAntenna_ert_rtw/GalileoFrequencyStream.cpp.o
[ 62%] Building CXX object third_party/gnss_tools/CMakeFiles/_DDRTCM_ert_rtw.dir/DDRTCM_ert_rtw/DDRT_TimeCorrectionCarrierphase.cpp.o
[ 63%] Building CXX object third_party/gnss_tools/CMakeFiles/_GNSSPreProcessingSingleAntenna_ert_rtw.dir/GNSSPreProcessingSingleAntenna_ert_rtw/GNS_NavigationDataConversionGPS.cpp.o
[ 64%] Building CXX object third_party/gnss_tools/CMakeFiles/_DDRTCM_ert_rtw.dir/DDRTCM_ert_rtw/DDR_NavigationDataConversionGAL.cpp.o
[ 66%] Building CXX object third_party/gnss_tools/CMakeFiles/_GNSSPreProcessingSingleAntenna_ert_rtw.dir/GNSSPreProcessingSingleAntenna_ert_rtw/GN_CreateSatelliteElevationMask.cpp.o
[ 65%] Building CXX object third_party/gnss_tools/CMakeFiles/_GNSSPreProcessingSingleAntenna_ert_rtw.dir/GNSSPreProcessingSingleAntenna_ert_rtw/GN_GNSSMeasurementEpochSplitter.cpp.o
[ 67%] Building CXX object third_party/gnss_tools/CMakeFiles/_GNSSPreProcessingDualAntenna_ert_rtw.dir/GNSSPreProcessingDualAntenna_ert_rtw/SimplifyandMaskGALMeasurementBu.cpp.o
[ 67%] Building CXX object third_party/gnss_tools/CMakeFiles/_DDRTCM_ert_rtw.dir/DDRTCM_ert_rtw/DDR_NavigationDataConversionGPS.cpp.o
[ 68%] Building CXX object third_party/gnss_tools/CMakeFiles/_GNSSPreProcessingDualAntenna_ert_rtw.dir/GNSSPreProcessingDualAntenna_ert_rtw/SimplifyandMaskGPSMeasurementBu.cpp.o
[ 69%] Building CXX object third_party/gnss_tools/CMakeFiles/_GNSSPreProcessingSingleAntenna_ert_rtw.dir/GNSSPreProcessingSingleAntenna_ert_rtw/GPSFrequencyStream.cpp.o
[ 69%] Building CXX object third_party/gnss_tools/CMakeFiles/_GNSSPreProcessingDualAntenna_ert_rtw.dir/GNSSPreProcessingDualAntenna_ert_rtw/rtGetInf.cpp.o
[ 70%] Building CXX object third_party/gnss_tools/CMakeFiles/_GNSSPreProcessingDualAntenna_ert_rtw.dir/GNSSPreProcessingDualAntenna_ert_rtw/rtGetNaN.cpp.o
[ 71%] Building CXX object third_party/gnss_tools/CMakeFiles/_GNSSPreProcessingDualAntenna_ert_rtw.dir/GNSSPreProcessingDualAntenna_ert_rtw/rt_nonfinite.cpp.o
[ 72%] Building CXX object third_party/gnss_tools/CMakeFiles/_DDRTCM_ert_rtw.dir/DDRTCM_ert_rtw/DD_CreateSatelliteElevationMask.cpp.o
[ 73%] Building CXX object third_party/gnss_tools/CMakeFiles/_GNSSPreProcessingDualAntenna_ert_rtw.dir/GNSSPreProcessingDualAntenna_ert_rtw/rt_sys_GPSFrequencyStream_16.cpp.o
[ 74%] Building CXX object third_party/gnss_tools/CMakeFiles/_DDRTCM_ert_rtw.dir/DDRTCM_ert_rtw/DD_GNSSMeasurementEpochSplitter.cpp.o
[ 75%] Building CXX object third_party/gnss_tools/CMakeFiles/_DDRTCM_ert_rtw.dir/DDRTCM_ert_rtw/GPSFrequencyStream.cpp.o
[ 76%] Building CXX object third_party/gnss_tools/CMakeFiles/_GNSSPreProcessingSingleAntenna_ert_rtw.dir/GNSSPreProcessingSingleAntenna_ert_rtw/GalileoFrequencyStream.cpp.o
[ 77%] Building CXX object third_party/gnss_tools/CMakeFiles/_GNSSPreProcessingSingleAntenna_ert_rtw.dir/GNSSPreProcessingSingleAntenna_ert_rtw/SimplifyandMaskGALMeasurementBu.cpp.o
[ 78%] Building CXX object third_party/gnss_tools/CMakeFiles/_GNSSPreProcessingSingleAntenna_ert_rtw.dir/GNSSPreProcessingSingleAntenna_ert_rtw/SimplifyandMaskGPSMeasurementBu.cpp.o
[ 79%] Building CXX object third_party/gnss_tools/CMakeFiles/_GNSSPreProcessingSingleAntenna_ert_rtw.dir/GNSSPreProcessingSingleAntenna_ert_rtw/rtGetInf.cpp.o
[ 80%] Building CXX object third_party/gnss_tools/CMakeFiles/_GNSSPreProcessingSingleAntenna_ert_rtw.dir/GNSSPreProcessingSingleAntenna_ert_rtw/rtGetNaN.cpp.o
[ 81%] Building CXX object third_party/gnss_tools/CMakeFiles/_DDRTCM_ert_rtw.dir/DDRTCM_ert_rtw/GalileoFrequencyStream.cpp.o
[ 82%] Building CXX object third_party/gnss_tools/CMakeFiles/_DDRTCM_ert_rtw.dir/DDRTCM_ert_rtw/SimplifyandMaskGPSMeasurementBu.cpp.o
[ 83%] Building CXX object third_party/gnss_tools/CMakeFiles/_DDRTCM_ert_rtw.dir/DDRTCM_ert_rtw/SimplifyandMaskGALMeasurementBu.cpp.o
[ 84%] Building CXX object third_party/gnss_tools/CMakeFiles/_GNSSPreProcessingSingleAntenna_ert_rtw.dir/GNSSPreProcessingSingleAntenna_ert_rtw/rt_nonfinite.cpp.o
[ 85%] Building CXX object third_party/gnss_tools/CMakeFiles/_GNSSPreProcessingSingleAntenna_ert_rtw.dir/GNSSPreProcessingSingleAntenna_ert_rtw/rt_sys_GPSFrequencyStream_13.cpp.o
[ 86%] Building CXX object third_party/gnss_tools/CMakeFiles/_DDRTCM_ert_rtw.dir/DDRTCM_ert_rtw/rtGetInf.cpp.o
[ 87%] Building CXX object third_party/gnss_tools/CMakeFiles/_DDRTCM_ert_rtw.dir/DDRTCM_ert_rtw/rtGetNaN.cpp.o
[ 88%] Building CXX object third_party/gnss_tools/CMakeFiles/_DDRTCM_ert_rtw.dir/DDRTCM_ert_rtw/rt_nonfinite.cpp.o
[ 89%] Building CXX object third_party/gnss_tools/CMakeFiles/_DDRTCM_ert_rtw.dir/DDRTCM_ert_rtw/rt_sys_GPSFrequencyStream_13.cpp.o
[ 90%] Linking CXX shared library lib_GNSSPreProcessingSingleAntenna_ert_rtw.so
[ 90%] Built target _GNSSPreProcessingSingleAntenna_ert_rtw
[ 91%] Linking CXX shared library lib_GNSSPreProcessingDualAntenna_ert_rtw.so
[ 91%] Built target _GNSSPreProcessingDualAntenna_ert_rtw
[ 92%] Linking CXX shared library lib_DDRTCM_ert_rtw.so
[ 92%] Built target _DDRTCM_ert_rtw
[ 93%] Building CXX object CMakeFiles/irt_gnss_preprocessing_original.dir/src/gnss_utils.cpp.o
[ 94%] Building CXX object CMakeFiles/irt_gnss_preprocessing_original.dir/src/impl/ublox_f9p_preprocessor.cpp.o
[ 95%] Building CXX object CMakeFiles/irt_gnss_preprocessing_component.dir/src/gnss_preprocesspr_component.cpp.o
[ 96%] Building CXX object CMakeFiles/irt_gnss_preprocessing_original.dir/src/impl/novatel_oem7_preprocessor.cpp.o
