[0.010s] Invoking command in '/workspace/fgo_ws/src/gnssFGO/build/irt_gnss_preprocessing_original': CMAKE_PREFIX_PATH=${CMAKE_PREFIX_PATH}:/workspace/mapviz_ws/install/swri_cli_tools:/opt/ros/humble /usr/bin/cmake /workspace/fgo_ws/src/gnssFGO/irt_gnss_preprocessing_original -DCMAKE_BUILD_TYPE=Release -DCMAKE_INSTALL_PREFIX=/workspace/fgo_ws/src/gnssFGO/install/irt_gnss_preprocessing_original
[0.020s] -- Found ament_cmake: 1.3.12 (/opt/ros/humble/share/ament_cmake/cmake)
[0.116s] -- Found rclcpp: 16.0.15 (/opt/ros/humble/share/rclcpp/cmake)
[0.133s] -- Found rosidl_generator_c: 3.1.7 (/opt/ros/humble/share/rosidl_generator_c/cmake)
[0.134s] -- Found rosidl_adapter: 3.1.7 (/opt/ros/humble/share/rosidl_adapter/cmake)
[0.138s] -- Found rosidl_generator_cpp: 3.1.7 (/opt/ros/humble/share/rosidl_generator_cpp/cmake)
[0.144s] -- Using all available rosidl_typesupport_c: rosidl_typesupport_fastrtps_c;rosidl_typesupport_introspection_c
[0.151s] -- Using all available rosidl_typesupport_cpp: rosidl_typesupport_fastrtps_cpp;rosidl_typesupport_introspection_cpp
[0.170s] -- Found rmw_implementation_cmake: 6.1.2 (/opt/ros/humble/share/rmw_implementation_cmake/cmake)
[0.172s] -- Found rmw_fastrtps_cpp: 6.2.9 (/opt/ros/humble/share/rmw_fastrtps_cpp/cmake)
[0.261s] -- Using RMW implementation 'rmw_fastrtps_cpp' as default
[0.289s] -- Found rclcpp_components: 16.0.15 (/opt/ros/humble/share/rclcpp_components/cmake)
[0.299s] -- Found pluginlib: 5.1.2 (/opt/ros/humble/share/pluginlib/cmake)
[0.313s] -- Found irt_nav_msgs: 0.0.0 (/workspace/fgo_ws/install/irt_nav_msgs/share/irt_nav_msgs/cmake)
[0.333s] -- Found eigen3_cmake_module: 0.1.1 (/opt/ros/humble/share/eigen3_cmake_module/cmake)
[0.334s] -- Ensuring Eigen3 include directory is part of orocos-kdl CMake target
[0.383s] -- Found novatel_oem7_msgs: 10.0.0 (/workspace/fgo_ws/install/novatel_oem7_msgs/share/novatel_oem7_msgs/cmake)
[0.390s] -- Found sensor_msgs: 4.9.0 (/opt/ros/humble/share/sensor_msgs/cmake)
[0.399s] -- Found irt_nav_common: 0.1.0 (/workspace/fgo_ws/install/irt_nav_common/share/irt_nav_common/cmake)
[0.400s] -- Found ublox_msgs: 2.0.0 (/workspace/fgo_ws/install/ublox_msgs/share/ublox_msgs/cmake)
[0.423s] -- GTSAM include directory:  /usr/local/lib/cmake/GTSAM/../../../include
[0.428s] -- GTSAM include directory:  /usr/local/lib/cmake/GTSAM/../../../include
[0.429s] -- test: subdirs(/workspace/fgo_ws/src/gnssFGO/irt_gnss_preprocessing_original/third_party/gnss_tools)
[0.431s] -- Building Module: DDRTCM_ert_rtw
[0.431s] -- Building Module: GNSSPreProcessingDualAntenna_ert_rtw
[0.431s] -- Building Module: GNSSPreProcessingSingleAntenna_ert_rtw
[0.431s] -- Building Module: novatel
[0.450s] -- Found ament_lint_auto: 0.12.14 (/opt/ros/humble/share/ament_lint_auto/cmake)
[0.532s] -- Added test 'copyright' to check source files copyright and LICENSE
[0.538s] -- Added test 'cppcheck' to perform static code analysis on C / C++ code
[0.538s] -- Configured cppcheck include dirs: /workspace/fgo_ws/src/gnssFGO/irt_gnss_preprocessing_original/include;/workspace/fgo_ws/src/gnssFGO/irt_gnss_preprocessing_original/include/irt_gnss_preprocessing_original;/workspace/fgo_ws/src/gnssFGO/irt_gnss_preprocessing_original/third_party;$<BUILD_INTERFACE:/workspace/fgo_ws/src/gnssFGO/irt_gnss_preprocessing_original/include>
[0.538s] -- Configured cppcheck exclude dirs and/or files: 
[0.543s] -- Added test 'cpplint' to check C / C++ code against the Google style
[0.543s] -- Configured cpplint exclude dirs and/or files: 
[0.544s] -- Added test 'flake8' to check Python code syntax and style conventions
[0.546s] -- Added test 'lint_cmake' to check CMake code style
[0.547s] -- Added test 'pep257' to check Python code against some of the docstring style conventions in PEP 257
[0.552s] -- Added test 'uncrustify' to check C / C++ code style
[0.552s] -- Configured uncrustify additional arguments: 
[0.553s] -- Added test 'xmllint' to check XML markup files
[0.555s] -- Configuring done
[0.581s] -- Generating done
[0.588s] -- Build files have been written to: /workspace/fgo_ws/src/gnssFGO/build/irt_gnss_preprocessing_original
[0.595s] Invoked command in '/workspace/fgo_ws/src/gnssFGO/build/irt_gnss_preprocessing_original' returned '0': CMAKE_PREFIX_PATH=${CMAKE_PREFIX_PATH}:/workspace/mapviz_ws/install/swri_cli_tools:/opt/ros/humble /usr/bin/cmake /workspace/fgo_ws/src/gnssFGO/irt_gnss_preprocessing_original -DCMAKE_BUILD_TYPE=Release -DCMAKE_INSTALL_PREFIX=/workspace/fgo_ws/src/gnssFGO/install/irt_gnss_preprocessing_original
[0.595s] Invoking command in '/workspace/fgo_ws/src/gnssFGO/build/irt_gnss_preprocessing_original': CMAKE_PREFIX_PATH=${CMAKE_PREFIX_PATH}:/workspace/mapviz_ws/install/swri_cli_tools:/opt/ros/humble /usr/bin/cmake --build /workspace/fgo_ws/src/gnssFGO/build/irt_gnss_preprocessing_original -- -j16 -l16
[0.649s] [  1%] Building CXX object third_party/gnss_tools/CMakeFiles/_novatel.dir/novatel/ConvertOEM7ToGalInavBus_ert_rtw/ConvertOEM7ToGalInavBus.cpp.o
[0.649s] [  1%] Building CXX object third_party/gnss_tools/CMakeFiles/_novatel.dir/novatel/ConvertOEM7RangeToMeasEpochRAW_ert_rtw/ConvertOEM7RangeToMeasEpochRAW.cpp.o
[0.649s] [  2%] Building CXX object third_party/gnss_tools/CMakeFiles/_novatel.dir/novatel/getSatInfoNovAtel_ert_rtw/getSatInfoNovAtel.cpp.o
[0.651s] [  3%] Building CXX object third_party/gnss_tools/CMakeFiles/_novatel.dir/novatel/ConvertOEM7ToPvtGeodetic_ert_rtw/ConvertOEM7ToPvtGeodetic.cpp.o
[0.651s] [  5%] Building CXX object third_party/gnss_tools/CMakeFiles/_novatel.dir/novatel/ConvertOEM7ToGalGstGpsBus_ert_rtw/ConvertOEM7ToGalGstGpsBus.cpp.o
[0.651s] [  5%] Building CXX object third_party/gnss_tools/CMakeFiles/_novatel.dir/novatel/ConvertOEM7ToGalFnavBus_ert_rtw/ConvertOEM7ToGalFnavBus.cpp.o
[0.653s] [  7%] Building CXX object third_party/gnss_tools/CMakeFiles/_novatel.dir/novatel/ConvertOEM7ToGpsNavBus_ert_rtw/ConvertOEM7ToGpsNavBus.cpp.o
[0.653s] [  7%] Building CXX object third_party/gnss_tools/CMakeFiles/_novatel.dir/novatel/ConvertOEM7ToGpsIonBus_ert_rtw/ConvertOEM7ToGpsIonBus.cpp.o
[0.656s] [  8%] Building CXX object third_party/gnss_tools/CMakeFiles/_GNSSPreProcessingDualAntenna_ert_rtw.dir/GNSSPreProcessingDualAntenna_ert_rtw/ApplyDifferentialCorrectionMask.cpp.o
[0.656s] [  8%] Building CXX object third_party/gnss_tools/CMakeFiles/_DDRTCM_ert_rtw.dir/DDRTCM_ert_rtw/ApplyDifferentialCorrectionMa_j.cpp.o
[0.657s] [  9%] Building CXX object third_party/gnss_tools/CMakeFiles/_novatel.dir/novatel/ConvertOEM7ToGalIonBus_ert_rtw/ConvertOEM7ToGalIonBus.cpp.o
[0.657s] [ 10%] Building CXX object third_party/gnss_tools/CMakeFiles/_GNSSPreProcessingDualAntenna_ert_rtw.dir/GNSSPreProcessingDualAntenna_ert_rtw/ApplyDifferentialCorrectionMa_b.cpp.o
[0.657s] [ 12%] Building CXX object third_party/gnss_tools/CMakeFiles/_DDRTCM_ert_rtw.dir/DDRTCM_ert_rtw/CalculateDifferentialCorrecti_f.cpp.o
[0.658s] [ 12%] Building CXX object third_party/gnss_tools/CMakeFiles/_GNSSPreProcessingSingleAntenna_ert_rtw.dir/GNSSPreProcessingSingleAntenna_ert_rtw/ApplyDifferentialCorrectionMa_b.cpp.o
[0.658s] [ 13%] Building CXX object third_party/gnss_tools/CMakeFiles/_GNSSPreProcessingSingleAntenna_ert_rtw.dir/GNSSPreProcessingSingleAntenna_ert_rtw/ApplyDifferentialCorrectionMask.cpp.o
[0.663s] [ 14%] Building CXX object third_party/gnss_tools/CMakeFiles/_DDRTCM_ert_rtw.dir/DDRTCM_ert_rtw/ApplyDifferentialCorrectionMask.cpp.o
[0.691s] [ 15%] Building CXX object third_party/gnss_tools/CMakeFiles/_GNSSPreProcessingDualAntenna_ert_rtw.dir/GNSSPreProcessingDualAntenna_ert_rtw/CalculateDifferentialCorrecti_j.cpp.o
[0.694s] [ 16%] Building CXX object third_party/gnss_tools/CMakeFiles/_GNSSPreProcessingSingleAntenna_ert_rtw.dir/GNSSPreProcessingSingleAntenna_ert_rtw/CalculateDifferentialCorrecti_l.cpp.o
[0.694s] [ 17%] Building CXX object third_party/gnss_tools/CMakeFiles/_GNSSPreProcessingSingleAntenna_ert_rtw.dir/GNSSPreProcessingSingleAntenna_ert_rtw/CalculateDifferentialCorrection.cpp.o
[0.699s] [ 18%] Building CXX object third_party/gnss_tools/CMakeFiles/_DDRTCM_ert_rtw.dir/DDRTCM_ert_rtw/CalculateDifferentialCorrection.cpp.o
[0.788s] [ 19%] Building CXX object third_party/gnss_tools/CMakeFiles/_GNSSPreProcessingSingleAntenna_ert_rtw.dir/GNSSPreProcessingSingleAntenna_ert_rtw/CalculateDualfrequencyCorrectio.cpp.o
[0.792s] [ 20%] Building CXX object third_party/gnss_tools/CMakeFiles/_GNSSPreProcessingDualAntenna_ert_rtw.dir/GNSSPreProcessingDualAntenna_ert_rtw/CalculateDifferentialCorrection.cpp.o
[0.842s] [ 21%] Building CXX object third_party/gnss_tools/CMakeFiles/_GNSSPreProcessingSingleAntenna_ert_rtw.dir/GNSSPreProcessingSingleAntenna_ert_rtw/CalculateKlobucharModelCorrecti.cpp.o
[0.845s] [ 22%] Building CXX object third_party/gnss_tools/CMakeFiles/_DDRTCM_ert_rtw.dir/DDRTCM_ert_rtw/CalculateDualfrequencyCorrectio.cpp.o
[0.853s] [ 23%] Building CXX object third_party/gnss_tools/CMakeFiles/_GNSSPreProcessingSingleAntenna_ert_rtw.dir/GNSSPreProcessingSingleAntenna_ert_rtw/CalculateSatelliteClockCorrecti.cpp.o
[0.878s] [ 24%] Building CXX object third_party/gnss_tools/CMakeFiles/_GNSSPreProcessingDualAntenna_ert_rtw.dir/GNSSPreProcessingDualAntenna_ert_rtw/CalculateDualfrequencyCorrectio.cpp.o
[0.883s] [ 25%] Building CXX object third_party/gnss_tools/CMakeFiles/_GNSSPreProcessingDualAntenna_ert_rtw.dir/GNSSPreProcessingDualAntenna_ert_rtw/CalculateKlobucharModelCorrecti.cpp.o
[0.897s] [ 26%] Building CXX object third_party/gnss_tools/CMakeFiles/_GNSSPreProcessingSingleAntenna_ert_rtw.dir/GNSSPreProcessingSingleAntenna_ert_rtw/CalculateSatellitePositionandVe.cpp.o
[0.897s] [ 27%] Building CXX object third_party/gnss_tools/CMakeFiles/_DDRTCM_ert_rtw.dir/DDRTCM_ert_rtw/CalculateKlobucharModelCorrecti.cpp.o
[1.032s] [ 27%] Building CXX object third_party/gnss_tools/CMakeFiles/_GNSSPreProcessingDualAntenna_ert_rtw.dir/GNSSPreProcessingDualAntenna_ert_rtw/CalculateSatelliteClockCorrecti.cpp.o
[1.110s] [ 28%] Building CXX object third_party/gnss_tools/CMakeFiles/_GNSSPreProcessingSingleAntenna_ert_rtw.dir/GNSSPreProcessingSingleAntenna_ert_rtw/CalculateTroposphericCorrecti_h.cpp.o
[1.122s] [ 29%] Linking CXX shared library lib_novatel.so
[1.122s] [ 30%] Building CXX object third_party/gnss_tools/CMakeFiles/_DDRTCM_ert_rtw.dir/DDRTCM_ert_rtw/CalculateSatellitePositionandVe.cpp.o
[1.123s] [ 31%] Building CXX object third_party/gnss_tools/CMakeFiles/_DDRTCM_ert_rtw.dir/DDRTCM_ert_rtw/CalculateSatelliteClockCorrecti.cpp.o
[1.173s] [ 32%] Building CXX object third_party/gnss_tools/CMakeFiles/_GNSSPreProcessingSingleAntenna_ert_rtw.dir/GNSSPreProcessingSingleAntenna_ert_rtw/CalculateTroposphericCorrection.cpp.o
[1.189s] [ 32%] Built target _novatel
[1.203s] [ 33%] Building CXX object third_party/gnss_tools/CMakeFiles/_DDRTCM_ert_rtw.dir/DDRTCM_ert_rtw/CalculateTroposphericCorrecti_l.cpp.o
[1.209s] [ 34%] Building CXX object third_party/gnss_tools/CMakeFiles/_DDRTCM_ert_rtw.dir/DDRTCM_ert_rtw/CalculateTroposphericCorrection.cpp.o
[1.263s] [ 35%] Building CXX object third_party/gnss_tools/CMakeFiles/_GNSSPreProcessingDualAntenna_ert_rtw.dir/GNSSPreProcessingDualAntenna_ert_rtw/CalculateSatellitePositionandVe.cpp.o
[1.386s] [ 36%] Building CXX object third_party/gnss_tools/CMakeFiles/_DDRTCM_ert_rtw.dir/DDRTCM_ert_rtw/DDRTCM.cpp.o
[1.586s] [ 37%] Building CXX object third_party/gnss_tools/CMakeFiles/_GNSSPreProcessingDualAntenna_ert_rtw.dir/GNSSPreProcessingDualAntenna_ert_rtw/CalculateTroposphericCorrecti_h.cpp.o
[1.620s] [ 38%] Building CXX object third_party/gnss_tools/CMakeFiles/_GNSSPreProcessingSingleAntenna_ert_rtw.dir/GNSSPreProcessingSingleAntenna_ert_rtw/GNSSP_TimeCorrectionPseudorange.cpp.o
[1.691s] [ 39%] Building CXX object third_party/gnss_tools/CMakeFiles/_GNSSPreProcessingDualAntenna_ert_rtw.dir/GNSSPreProcessingDualAntenna_ert_rtw/CalculateTroposphericCorrection.cpp.o
[1.711s] [ 40%] Building CXX object third_party/gnss_tools/CMakeFiles/_GNSSPreProcessingDualAntenna_ert_rtw.dir/GNSSPreProcessingDualAntenna_ert_rtw/GNSSP_TimeCorrectionPseudorange.cpp.o
[1.721s] [ 41%] Building CXX object third_party/gnss_tools/CMakeFiles/_GNSSPreProcessingSingleAntenna_ert_rtw.dir/GNSSPreProcessingSingleAntenna_ert_rtw/GNSSPr_TimeCorrectionDeltarange.cpp.o
[1.731s] [ 42%] Building CXX object third_party/gnss_tools/CMakeFiles/_GNSSPreProcessingDualAntenna_ert_rtw.dir/GNSSPreProcessingDualAntenna_ert_rtw/GNSSPr_TimeCorrectionDeltarange.cpp.o
[1.735s] [ 43%] Building CXX object third_party/gnss_tools/CMakeFiles/_GNSSPreProcessingDualAntenna_ert_rtw.dir/GNSSPreProcessingDualAntenna_ert_rtw/GNSSPreProce_CalculateDayofYear.cpp.o
[1.871s] [ 44%] Building CXX object third_party/gnss_tools/CMakeFiles/_GNSSPreProcessingDualAntenna_ert_rtw.dir/GNSSPreProcessingDualAntenna_ert_rtw/GNSSPreProcessingDualAntenna.cpp.o
[1.884s] [ 45%] Building CXX object third_party/gnss_tools/CMakeFiles/_GNSSPreProcessingDualAntenna_ert_rtw.dir/GNSSPreProcessingDualAntenna_ert_rtw/GNSSPreProcessingDualAntenna_data.cpp.o
[1.891s] [ 46%] Building CXX object third_party/gnss_tools/CMakeFiles/_GNSSPreProcessingDualAntenna_ert_rtw.dir/GNSSPreProcessingDualAntenna_ert_rtw/GNSS_TimeCorrectionCarrierphase.cpp.o
[1.995s] [ 46%] Building CXX object third_party/gnss_tools/CMakeFiles/_GNSSPreProcessingSingleAntenna_ert_rtw.dir/GNSSPreProcessingSingleAntenna_ert_rtw/GNSSPreProce_CalculateDayofYear.cpp.o
[2.013s] [ 47%] Building CXX object third_party/gnss_tools/CMakeFiles/_DDRTCM_ert_rtw.dir/DDRTCM_ert_rtw/DDRTCM_CalculateDayofYear.cpp.o
[2.089s] [ 48%] Building CXX object third_party/gnss_tools/CMakeFiles/_GNSSPreProcessingDualAntenna_ert_rtw.dir/GNSSPreProcessingDualAntenna_ert_rtw/GNS_NavigationDataConversionGAL.cpp.o
[2.115s] [ 49%] Building CXX object third_party/gnss_tools/CMakeFiles/_GNSSPreProcessingSingleAntenna_ert_rtw.dir/GNSSPreProcessingSingleAntenna_ert_rtw/GNSSPreProcessingSingleAntenna.cpp.o
[2.188s] [ 50%] Building CXX object third_party/gnss_tools/CMakeFiles/_DDRTCM_ert_rtw.dir/DDRTCM_ert_rtw/DDRTCM_TimeCorrectionDeltarange.cpp.o
[2.211s] [ 51%] Building CXX object third_party/gnss_tools/CMakeFiles/_GNSSPreProcessingDualAntenna_ert_rtw.dir/GNSSPreProcessingDualAntenna_ert_rtw/GNS_NavigationDataConversionGPS.cpp.o
[2.270s] [ 52%] Building CXX object third_party/gnss_tools/CMakeFiles/_GNSSPreProcessingSingleAntenna_ert_rtw.dir/GNSSPreProcessingSingleAntenna_ert_rtw/GNSSPreProcessingSingleAntenna_capi.cpp.o
[2.277s] [ 53%] Building CXX object third_party/gnss_tools/CMakeFiles/_GNSSPreProcessingSingleAntenna_ert_rtw.dir/GNSSPreProcessingSingleAntenna_ert_rtw/GNSSPreProcessingSingleAntenna_data.cpp.o
[2.348s] [ 54%] Building CXX object third_party/gnss_tools/CMakeFiles/_DDRTCM_ert_rtw.dir/DDRTCM_ert_rtw/DDRTCM_data.cpp.o
[2.352s] [ 55%] Building CXX object third_party/gnss_tools/CMakeFiles/_GNSSPreProcessingDualAntenna_ert_rtw.dir/GNSSPreProcessingDualAntenna_ert_rtw/GN_CreateSatelliteElevationMask.cpp.o
[2.358s] [ 56%] Building CXX object third_party/gnss_tools/CMakeFiles/_GNSSPreProcessingDualAntenna_ert_rtw.dir/GNSSPreProcessingDualAntenna_ert_rtw/GN_GNSSMeasurementEpochSplitter.cpp.o
[2.410s] [ 57%] Building CXX object third_party/gnss_tools/CMakeFiles/_DDRTCM_ert_rtw.dir/DDRTCM_ert_rtw/DDRTC_TimeCorrectionPseudorange.cpp.o
[2.466s] [ 58%] Building CXX object third_party/gnss_tools/CMakeFiles/_GNSSPreProcessingSingleAntenna_ert_rtw.dir/GNSSPreProcessingSingleAntenna_ert_rtw/GNSS_TimeCorrectionCarrierphase.cpp.o
[2.533s] [ 59%] Building CXX object third_party/gnss_tools/CMakeFiles/_GNSSPreProcessingDualAntenna_ert_rtw.dir/GNSSPreProcessingDualAntenna_ert_rtw/GPSFrequencyStream.cpp.o
[2.579s] [ 60%] Building CXX object third_party/gnss_tools/CMakeFiles/_GNSSPreProcessingSingleAntenna_ert_rtw.dir/GNSSPreProcessingSingleAntenna_ert_rtw/GNS_NavigationDataConversionGAL.cpp.o
[2.598s] [ 61%] Building CXX object third_party/gnss_tools/CMakeFiles/_GNSSPreProcessingDualAntenna_ert_rtw.dir/GNSSPreProcessingDualAntenna_ert_rtw/GalileoFrequencyStream.cpp.o
[2.660s] [ 62%] Building CXX object third_party/gnss_tools/CMakeFiles/_DDRTCM_ert_rtw.dir/DDRTCM_ert_rtw/DDRT_TimeCorrectionCarrierphase.cpp.o
[2.764s] [ 63%] Building CXX object third_party/gnss_tools/CMakeFiles/_GNSSPreProcessingSingleAntenna_ert_rtw.dir/GNSSPreProcessingSingleAntenna_ert_rtw/GNS_NavigationDataConversionGPS.cpp.o
[2.772s] [ 64%] Building CXX object third_party/gnss_tools/CMakeFiles/_DDRTCM_ert_rtw.dir/DDRTCM_ert_rtw/DDR_NavigationDataConversionGAL.cpp.o
[2.779s] [ 66%] Building CXX object third_party/gnss_tools/CMakeFiles/_GNSSPreProcessingSingleAntenna_ert_rtw.dir/GNSSPreProcessingSingleAntenna_ert_rtw/GN_CreateSatelliteElevationMask.cpp.o
[2.780s] [ 65%] Building CXX object third_party/gnss_tools/CMakeFiles/_GNSSPreProcessingSingleAntenna_ert_rtw.dir/GNSSPreProcessingSingleAntenna_ert_rtw/GN_GNSSMeasurementEpochSplitter.cpp.o
[2.819s] [ 67%] Building CXX object third_party/gnss_tools/CMakeFiles/_GNSSPreProcessingDualAntenna_ert_rtw.dir/GNSSPreProcessingDualAntenna_ert_rtw/SimplifyandMaskGALMeasurementBu.cpp.o
[2.847s] [ 67%] Building CXX object third_party/gnss_tools/CMakeFiles/_DDRTCM_ert_rtw.dir/DDRTCM_ert_rtw/DDR_NavigationDataConversionGPS.cpp.o
[2.859s] [ 68%] Building CXX object third_party/gnss_tools/CMakeFiles/_GNSSPreProcessingDualAntenna_ert_rtw.dir/GNSSPreProcessingDualAntenna_ert_rtw/SimplifyandMaskGPSMeasurementBu.cpp.o
[2.952s] [ 69%] Building CXX object third_party/gnss_tools/CMakeFiles/_GNSSPreProcessingSingleAntenna_ert_rtw.dir/GNSSPreProcessingSingleAntenna_ert_rtw/GPSFrequencyStream.cpp.o
[2.956s] [ 69%] Building CXX object third_party/gnss_tools/CMakeFiles/_GNSSPreProcessingDualAntenna_ert_rtw.dir/GNSSPreProcessingDualAntenna_ert_rtw/rtGetInf.cpp.o
[2.981s] [ 70%] Building CXX object third_party/gnss_tools/CMakeFiles/_GNSSPreProcessingDualAntenna_ert_rtw.dir/GNSSPreProcessingDualAntenna_ert_rtw/rtGetNaN.cpp.o
[3.013s] [ 71%] Building CXX object third_party/gnss_tools/CMakeFiles/_GNSSPreProcessingDualAntenna_ert_rtw.dir/GNSSPreProcessingDualAntenna_ert_rtw/rt_nonfinite.cpp.o
[3.024s] [ 72%] Building CXX object third_party/gnss_tools/CMakeFiles/_DDRTCM_ert_rtw.dir/DDRTCM_ert_rtw/DD_CreateSatelliteElevationMask.cpp.o
[3.041s] [ 73%] Building CXX object third_party/gnss_tools/CMakeFiles/_GNSSPreProcessingDualAntenna_ert_rtw.dir/GNSSPreProcessingDualAntenna_ert_rtw/rt_sys_GPSFrequencyStream_16.cpp.o
[3.063s] [ 74%] Building CXX object third_party/gnss_tools/CMakeFiles/_DDRTCM_ert_rtw.dir/DDRTCM_ert_rtw/DD_GNSSMeasurementEpochSplitter.cpp.o
[3.079s] [ 75%] Building CXX object third_party/gnss_tools/CMakeFiles/_DDRTCM_ert_rtw.dir/DDRTCM_ert_rtw/GPSFrequencyStream.cpp.o
[3.096s] [ 76%] Building CXX object third_party/gnss_tools/CMakeFiles/_GNSSPreProcessingSingleAntenna_ert_rtw.dir/GNSSPreProcessingSingleAntenna_ert_rtw/GalileoFrequencyStream.cpp.o
[3.098s] [ 77%] Building CXX object third_party/gnss_tools/CMakeFiles/_GNSSPreProcessingSingleAntenna_ert_rtw.dir/GNSSPreProcessingSingleAntenna_ert_rtw/SimplifyandMaskGALMeasurementBu.cpp.o
[3.122s] [ 78%] Building CXX object third_party/gnss_tools/CMakeFiles/_GNSSPreProcessingSingleAntenna_ert_rtw.dir/GNSSPreProcessingSingleAntenna_ert_rtw/SimplifyandMaskGPSMeasurementBu.cpp.o
[3.156s] [ 79%] Building CXX object third_party/gnss_tools/CMakeFiles/_GNSSPreProcessingSingleAntenna_ert_rtw.dir/GNSSPreProcessingSingleAntenna_ert_rtw/rtGetInf.cpp.o
[3.178s] [ 80%] Building CXX object third_party/gnss_tools/CMakeFiles/_GNSSPreProcessingSingleAntenna_ert_rtw.dir/GNSSPreProcessingSingleAntenna_ert_rtw/rtGetNaN.cpp.o
[3.198s] [ 81%] Building CXX object third_party/gnss_tools/CMakeFiles/_DDRTCM_ert_rtw.dir/DDRTCM_ert_rtw/GalileoFrequencyStream.cpp.o
[3.220s] [ 82%] Building CXX object third_party/gnss_tools/CMakeFiles/_DDRTCM_ert_rtw.dir/DDRTCM_ert_rtw/SimplifyandMaskGPSMeasurementBu.cpp.o
[3.226s] [ 83%] Building CXX object third_party/gnss_tools/CMakeFiles/_DDRTCM_ert_rtw.dir/DDRTCM_ert_rtw/SimplifyandMaskGALMeasurementBu.cpp.o
[3.227s] [ 84%] Building CXX object third_party/gnss_tools/CMakeFiles/_GNSSPreProcessingSingleAntenna_ert_rtw.dir/GNSSPreProcessingSingleAntenna_ert_rtw/rt_nonfinite.cpp.o
[3.258s] [ 85%] Building CXX object third_party/gnss_tools/CMakeFiles/_GNSSPreProcessingSingleAntenna_ert_rtw.dir/GNSSPreProcessingSingleAntenna_ert_rtw/rt_sys_GPSFrequencyStream_13.cpp.o
[3.298s] [ 86%] Building CXX object third_party/gnss_tools/CMakeFiles/_DDRTCM_ert_rtw.dir/DDRTCM_ert_rtw/rtGetInf.cpp.o
[3.331s] [ 87%] Building CXX object third_party/gnss_tools/CMakeFiles/_DDRTCM_ert_rtw.dir/DDRTCM_ert_rtw/rtGetNaN.cpp.o
[3.336s] [ 88%] Building CXX object third_party/gnss_tools/CMakeFiles/_DDRTCM_ert_rtw.dir/DDRTCM_ert_rtw/rt_nonfinite.cpp.o
[3.338s] [ 89%] Building CXX object third_party/gnss_tools/CMakeFiles/_DDRTCM_ert_rtw.dir/DDRTCM_ert_rtw/rt_sys_GPSFrequencyStream_13.cpp.o
[3.650s] /workspace/fgo_ws/src/gnssFGO/irt_gnss_preprocessing_original/third_party/gnss_tools/GNSSPreProcessingSingleAntenna_ert_rtw/GNSSPreProcessingSingleAntenna.cpp: In member function ‘void GNSS_preprocessingModelClass::ApplyElevationandNaNandZeroMask(const GNSS_Measurement*, const GNSS_Measurement_size*, const boolean_T*, const int32_T*, uint16_T*, B_ApplyElevationandNaNandZero_T*, DW_ApplyElevationandNaNandZer_T*)’:
[3.650s] /workspace/fgo_ws/src/gnssFGO/irt_gnss_preprocessing_original/third_party/gnss_tools/GNSSPreProcessingSingleAntenna_ert_rtw/GNSSPreProcessingSingleAntenna.cpp:879:34: warning: ‘rtu_measurementFrequencyCorre_2’ may be used uninitialized [-Wmaybe-uninitialized]
[3.650s]   879 |   GNSSPreProcessingSingleAn_any_g(rtu_measurementFrequencyCorre_2,
[3.651s]       |   ~~~~~~~~~~~~~~~~~~~~~~~~~~~~~~~^~~~~~~~~~~~~~~~~~~~~~~~~~~~~~~~~
[3.651s]   880 |     rtu_measurementFrequencyCorre_7, nan_mask_data_0, &nan_mask_size_0);
[3.651s]       |     ~~~~~~~~~~~~~~~~~~~~~~~~~~~~~~~~~~~~~~~~~~~~~~~~~~~~~~~~~~~~~~~~~~~
[3.651s] /workspace/fgo_ws/src/gnssFGO/irt_gnss_preprocessing_original/third_party/gnss_tools/GNSSPreProcessingSingleAntenna_ert_rtw/GNSSPreProcessingSingleAntenna.cpp:589:6: note: by argument 2 of type ‘const boolean_T*’ {aka ‘const unsigned char*’} to ‘void GNSS_preprocessingModelClass::GNSSPreProcessingSingleAn_any_g(const boolean_T*, const int32_T*, boolean_T*, int32_T*)’ declared here
[3.651s]   589 | void GNSS_preprocessingModelClass::GNSSPreProcessingSingleAn_any_g(const
[3.651s]       |      ^~~~~~~~~~~~~~~~~~~~~~~~~~~~
[3.651s] /workspace/fgo_ws/src/gnssFGO/irt_gnss_preprocessing_original/third_party/gnss_tools/GNSSPreProcessingSingleAntenna_ert_rtw/GNSSPreProcessingSingleAntenna.cpp:840:13: note: ‘rtu_measurementFrequencyCorre_2’ declared here
[3.651s]   840 |   boolean_T rtu_measurementFrequencyCorre_2[120];
[3.651s]       |             ^~~~~~~~~~~~~~~~~~~~~~~~~~~~~~~
[3.651s] /workspace/fgo_ws/src/gnssFGO/irt_gnss_preprocessing_original/third_party/gnss_tools/GNSSPreProcessingSingleAntenna_ert_rtw/GNSSPreProcessingSingleAntenna.cpp:879:34: warning: ‘rtu_measurementFrequencyCorre_2’ may be used uninitialized [-Wmaybe-uninitialized]
[3.651s]   879 |   GNSSPreProcessingSingleAn_any_g(rtu_measurementFrequencyCorre_2,
[3.651s]       |   ~~~~~~~~~~~~~~~~~~~~~~~~~~~~~~~^~~~~~~~~~~~~~~~~~~~~~~~~~~~~~~~~
[3.651s]   880 |     rtu_measurementFrequencyCorre_7, nan_mask_data_0, &nan_mask_size_0);
[3.652s]       |     ~~~~~~~~~~~~~~~~~~~~~~~~~~~~~~~~~~~~~~~~~~~~~~~~~~~~~~~~~~~~~~~~~~~
[3.652s] /workspace/fgo_ws/src/gnssFGO/irt_gnss_preprocessing_original/third_party/gnss_tools/GNSSPreProcessingSingleAntenna_ert_rtw/GNSSPreProcessingSingleAntenna.cpp:589:6: note: by argument 2 of type ‘const boolean_T*’ {aka ‘const unsigned char*’} to ‘void GNSS_preprocessingModelClass::GNSSPreProcessingSingleAn_any_g(const boolean_T*, const int32_T*, boolean_T*, int32_T*)’ declared here
[3.652s]   589 | void GNSS_preprocessingModelClass::GNSSPreProcessingSingleAn_any_g(const
[3.652s]       |      ^~~~~~~~~~~~~~~~~~~~~~~~~~~~
[3.652s] /workspace/fgo_ws/src/gnssFGO/irt_gnss_preprocessing_original/third_party/gnss_tools/GNSSPreProcessingSingleAntenna_ert_rtw/GNSSPreProcessingSingleAntenna.cpp:840:13: note: ‘rtu_measurementFrequencyCorre_2’ declared here
[3.652s]   840 |   boolean_T rtu_measurementFrequencyCorre_2[120];
[3.652s]       |             ^~~~~~~~~~~~~~~~~~~~~~~~~~~~~~~
[8.793s] [ 90%] Linking CXX shared library lib_GNSSPreProcessingSingleAntenna_ert_rtw.so
[8.849s] [ 90%] Built target _GNSSPreProcessingSingleAntenna_ert_rtw
[8.895s] [ 91%] Linking CXX shared library lib_GNSSPreProcessingDualAntenna_ert_rtw.so
[8.942s] [ 91%] Built target _GNSSPreProcessingDualAntenna_ert_rtw
[9.133s] [ 92%] Linking CXX shared library lib_DDRTCM_ert_rtw.so
[9.183s] [ 92%] Built target _DDRTCM_ert_rtw
[9.204s] [ 93%] Building CXX object CMakeFiles/irt_gnss_preprocessing_original.dir/src/gnss_utils.cpp.o
[9.206s] [ 94%] Building CXX object CMakeFiles/irt_gnss_preprocessing_original.dir/src/impl/ublox_f9p_preprocessor.cpp.o
[9.207s] [ 95%] Building CXX object CMakeFiles/irt_gnss_preprocessing_component.dir/src/gnss_preprocesspr_component.cpp.o
[9.207s] [ 96%] Building CXX object CMakeFiles/irt_gnss_preprocessing_original.dir/src/impl/novatel_oem7_preprocessor.cpp.o
[9.211s] /workspace/fgo_ws/src/gnssFGO/irt_gnss_preprocessing_original/src/gnss_utils.cpp:23:10: fatal error: gnss_utils.h: No such file or directory
[9.211s]    23 | #include "gnss_utils.h"
[9.212s]       |          ^~~~~~~~~~~~~~
[9.212s] compilation terminated.
[9.212s] gmake[2]: *** [CMakeFiles/irt_gnss_preprocessing_original.dir/build.make:76: CMakeFiles/irt_gnss_preprocessing_original.dir/src/gnss_utils.cpp.o] Error 1
[9.212s] gmake[2]: *** Waiting for unfinished jobs....
[9.215s] /workspace/fgo_ws/src/gnssFGO/irt_gnss_preprocessing_original/src/gnss_preprocesspr_component.cpp:19:10: fatal error: gnss_preprocessor_component.h: No such file or directory
[9.215s]    19 | #include "gnss_preprocessor_component.h"
[9.215s]       |          ^~~~~~~~~~~~~~~~~~~~~~~~~~~~~~~
[9.215s] compilation terminated.
[9.215s] /workspace/fgo_ws/src/gnssFGO/irt_gnss_preprocessing_original/src/impl/novatel_oem7_preprocessor.cpp:18:10: fatal error: impl/novatel_oem7_preprocessor.h: No such file or directory
[9.215s]    18 | #include "impl/novatel_oem7_preprocessor.h"
[9.215s]       |          ^~~~~~~~~~~~~~~~~~~~~~~~~~~~~~~~~~
[9.215s] compilation terminated.
[9.216s] gmake[2]: *** [CMakeFiles/irt_gnss_preprocessing_component.dir/build.make:76: CMakeFiles/irt_gnss_preprocessing_component.dir/src/gnss_preprocesspr_component.cpp.o] Error 1
[9.216s] gmake[1]: *** [CMakeFiles/Makefile2:196: CMakeFiles/irt_gnss_preprocessing_component.dir/all] Error 2
[9.216s] gmake[1]: *** Waiting for unfinished jobs....
[9.216s] gmake[2]: *** [CMakeFiles/irt_gnss_preprocessing_original.dir/build.make:90: CMakeFiles/irt_gnss_preprocessing_original.dir/src/impl/novatel_oem7_preprocessor.cpp.o] Error 1
[9.244s] /workspace/fgo_ws/src/gnssFGO/irt_gnss_preprocessing_original/src/impl/ublox_f9p_preprocessor.cpp:20:10: fatal error: impl/ublox_f9p_preprocessor.h: No such file or directory
[9.244s]    20 | #include "impl/ublox_f9p_preprocessor.h"
[9.244s]       |          ^~~~~~~~~~~~~~~~~~~~~~~~~~~~~~~
[9.244s] compilation terminated.
[9.245s] gmake[2]: *** [CMakeFiles/irt_gnss_preprocessing_original.dir/build.make:104: CMakeFiles/irt_gnss_preprocessing_original.dir/src/impl/ublox_f9p_preprocessor.cpp.o] Error 1
[9.245s] gmake[1]: *** [CMakeFiles/Makefile2:167: CMakeFiles/irt_gnss_preprocessing_original.dir/all] Error 2
[9.245s] gmake: *** [Makefile:146: all] Error 2
[9.247s] Invoked command in '/workspace/fgo_ws/src/gnssFGO/build/irt_gnss_preprocessing_original' returned '2': CMAKE_PREFIX_PATH=${CMAKE_PREFIX_PATH}:/workspace/mapviz_ws/install/swri_cli_tools:/opt/ros/humble /usr/bin/cmake --build /workspace/fgo_ws/src/gnssFGO/build/irt_gnss_preprocessing_original -- -j16 -l16
