-- Found ament_cmake: 1.3.12 (/opt/ros/humble/share/ament_cmake/cmake)
-- Found rclcpp: 16.0.15 (/opt/ros/humble/share/rclcpp/cmake)
-- Found rosidl_generator_c: 3.1.7 (/opt/ros/humble/share/rosidl_generator_c/cmake)
-- Found rosidl_adapter: 3.1.7 (/opt/ros/humble/share/rosidl_adapter/cmake)
-- Found rosidl_generator_cpp: 3.1.7 (/opt/ros/humble/share/rosidl_generator_cpp/cmake)
-- Using all available rosidl_typesupport_c: rosidl_typesupport_fastrtps_c;rosidl_typesupport_introspection_c
-- Using all available rosidl_typesupport_cpp: rosidl_typesupport_fastrtps_cpp;rosidl_typesupport_introspection_cpp
-- Found rmw_implementation_cmake: 6.1.2 (/opt/ros/humble/share/rmw_implementation_cmake/cmake)
-- Found rmw_fastrtps_cpp: 6.2.9 (/opt/ros/humble/share/rmw_fastrtps_cpp/cmake)
-- Using RMW implementation 'rmw_fastrtps_cpp' as default
-- Found rclcpp_components: 16.0.15 (/opt/ros/humble/share/rclcpp_components/cmake)
-- Found pluginlib: 5.1.2 (/opt/ros/humble/share/pluginlib/cmake)
-- Found irt_nav_msgs: 0.0.0 (/workspace/fgo_ws/install/irt_nav_msgs/share/irt_nav_msgs/cmake)
-- Found eigen3_cmake_module: 0.1.1 (/opt/ros/humble/share/eigen3_cmake_module/cmake)
-- Ensuring Eigen3 include directory is part of orocos-kdl CMake target
-- Found novatel_oem7_msgs: 10.0.0 (/workspace/fgo_ws/install/novatel_oem7_msgs/share/novatel_oem7_msgs/cmake)
-- Found sensor_msgs: 4.9.0 (/opt/ros/humble/share/sensor_msgs/cmake)
-- Found irt_nav_common: 0.1.0 (/workspace/fgo_ws/install/irt_nav_common/share/irt_nav_common/cmake)
-- Found ublox_msgs: 2.0.0 (/workspace/fgo_ws/install/ublox_msgs/share/ublox_msgs/cmake)
-- GTSAM include directory:  /usr/local/lib/cmake/GTSAM/../../../include
-- GTSAM include directory:  /usr/local/lib/cmake/GTSAM/../../../include
-- test: subdirs(/workspace/fgo_ws/src/gnssFGO/irt_gnss_preprocessing_original/third_party/gnss_tools)
-- Building Module: DDRTCM_ert_rtw
-- Building Module: GNSSPreProcessingDualAntenna_ert_rtw
-- Building Module: GNSSPreProcessingSingleAntenna_ert_rtw
-- Building Module: novatel
-- Found ament_lint_auto: 0.12.14 (/opt/ros/humble/share/ament_lint_auto/cmake)
-- Added test 'copyright' to check source files copyright and LICENSE
-- Added test 'cppcheck' to perform static code analysis on C / C++ code
-- Configured cppcheck include dirs: /workspace/fgo_ws/src/gnssFGO/irt_gnss_preprocessing_original/include;/workspace/fgo_ws/src/gnssFGO/irt_gnss_preprocessing_original/include/irt_gnss_preprocessing_original;/workspace/fgo_ws/src/gnssFGO/irt_gnss_preprocessing_original/third_party;$<BUILD_INTERFACE:/workspace/fgo_ws/src/gnssFGO/irt_gnss_preprocessing_original/include>
-- Configured cppcheck exclude dirs and/or files: 
-- Added test 'cpplint' to check C / C++ code against the Google style
-- Configured cpplint exclude dirs and/or files: 
-- Added test 'flake8' to check Python code syntax and style conventions
-- Added test 'lint_cmake' to check CMake code style
-- Added test 'pep257' to check Python code against some of the docstring style conventions in PEP 257
-- Added test 'uncrustify' to check C / C++ code style
-- Configured uncrustify additional arguments: 
-- Added test 'xmllint' to check XML markup files
-- Configuring done
-- Generating done
-- Build files have been written to: /workspace/fgo_ws/src/gnssFGO/build/irt_gnss_preprocessing_original
Consolidate compiler generated dependencies of target _novatel
Consolidate compiler generated dependencies of target _GNSSPreProcessingDualAntenna_ert_rtw
Consolidate compiler generated dependencies of target _GNSSPreProcessingSingleAntenna_ert_rtw
Consolidate compiler generated dependencies of target _DDRTCM_ert_rtw
[  9%] Built target _novatel
[ 36%] Built target _GNSSPreProcessingDualAntenna_ert_rtw
[ 65%] Built target _GNSSPreProcessingSingleAntenna_ert_rtw
[ 92%] Built target _DDRTCM_ert_rtw
[ 93%] Building CXX object CMakeFiles/irt_gnss_preprocessing_original.dir/src/impl/ublox_f9p_preprocessor.cpp.o
[ 94%] Building CXX object CMakeFiles/irt_gnss_preprocessing_component.dir/src/gnss_preprocesspr_component.cpp.o
[ 96%] Building CXX object CMakeFiles/irt_gnss_preprocessing_original.dir/src/impl/novatel_oem7_preprocessor.cpp.o
[ 96%] Building CXX object CMakeFiles/irt_gnss_preprocessing_original.dir/src/gnss_utils.cpp.o
